=== Training completed. ===
Model: mobilenet_v2
Dataset: 416 train samples, 64 val samples
Epochs: 5 | Steps per epoch: 52
Total training time: 5 epochs

Final training loss: 0.2210
Final training accuracy: 0.9370

Final validation loss: 0.3859
Final validation accuracy: 0.8226

=== Training completed. ===
Model: mobilenet_v2
Dataset: 416 train samples, 64 val samples
Epochs: 10 | Steps per epoch: 52
Total training time: 10 epochs

Final training loss: 0.1385
Final training accuracy: 0.9637

Final validation loss: 0.3263
Final validation accuracy: 0.8548

=== Training completed. ===
Model: mobilenet_v2
Dataset: 416 train samples, 64 val samples
Epochs: 25 | Steps per epoch: 52
Total training time: 25 epochs

Final training loss: 0.0482
Final training accuracy: 0.9976

Final validation loss: 0.3073
Final validation accuracy: 0.8548

=== Training completed. ===
Model: mobilenet_v3_large
Dataset: 416 train samples, 64 val samples
Epochs: 10 | Steps per epoch: 52
Total training time: 10 epochs

Final training loss: 0.6817
Final training accuracy: 0.5738

Final validation loss: 0.6959
Final validation accuracy: 0.5806

=== Training completed. ===
Model: resnet50v2
Dataset: 416 train samples, 64 val samples
Epochs: 10 | Steps per epoch: 52
Total training time: 10 epochs

Final training loss: 0.0900
Final training accuracy: 0.9734

Final validation loss: 0.3486
Final validation accuracy: 0.8710

=== Training completed. ===
Model: efficientnetv2-s
Dataset: 416 train samples, 64 val samples
Epochs: 10 | Steps per epoch: 52
Total training time: 10 epochs

Final training loss: 0.6101
Final training accuracy: 0.6513

Final validation loss: 0.6578
Final validation accuracy: 0.6129
